  Determining projects to restore...
  All projects are up-to-date for restore.
D:\netcore\E-Invoice_system\Models\customers.cs(7,18): warning CS8981: The type name 'customers' only contains lower-cased ascii characters. Such names may become reserved for the language. [D:\netcore\E-Invoice_system\E-Invoice_system.csproj]
D:\netcore\E-Invoice_system\Models\invoices.cs(7,18): warning CS8981: The type name 'invoices' only contains lower-cased ascii characters. Such names may become reserved for the language. [D:\netcore\E-Invoice_system\E-Invoice_system.csproj]
D:\netcore\E-Invoice_system\Models\users.cs(7,18): warning CS8981: The type name 'users' only contains lower-cased ascii characters. Such names may become reserved for the language. [D:\netcore\E-Invoice_system\E-Invoice_system.csproj]
D:\netcore\E-Invoice_system\tmp\Pages\Account\Login.cshtml.cs(51,64): warning CS8604: Possible null reference argument for parameter 'value' in 'void SessionExtensions.SetString(ISession session, string key, string value)'. [D:\netcore\E-Invoice_system\E-Invoice_system.csproj]
D:\netcore\E-Invoice_system\tmp\Pages\Invoice\Index.cshtml.cs(111,30): warning CS0168: The variable 'ex' is declared but never used [D:\netcore\E-Invoice_system\E-Invoice_system.csproj]
D:\netcore\E-Invoice_system\tmp\Pages\Sale\Index.cshtml.cs(117,30): warning CS0168: The variable 'ex' is declared but never used [D:\netcore\E-Invoice_system\E-Invoice_system.csproj]
D:\netcore\E-Invoice_system\tmp\Pages\Index.cshtml.cs(116,33): error CS0029: Cannot implicitly convert type 'int[]' to 'string[]' [D:\netcore\E-Invoice_system\E-Invoice_system.csproj]
D:\netcore\E-Invoice_system\Components\Sale\SaleEditor.razor(333,76): error CS0103: The name 'newCustomer' does not exist in the current context [D:\netcore\E-Invoice_system\E-Invoice_system.csproj]
D:\netcore\E-Invoice_system\obj\Debug\net10.0\Microsoft.CodeAnalysis.Razor.Compiler\Microsoft.NET.Sdk.Razor.SourceGenerators.RazorSourceGenerator\Components_Sale_SaleEditor_razor.g.cs(1792,173): error CS0103: The name 'newCustomer' does not exist in the current context [D:\netcore\E-Invoice_system\E-Invoice_system.csproj]
D:\netcore\E-Invoice_system\obj\Debug\net10.0\Microsoft.CodeAnalysis.Razor.Compiler\Microsoft.NET.Sdk.Razor.SourceGenerators.RazorSourceGenerator\Components_Sale_SaleEditor_razor.g.cs(1792,145): error CS0103: The name 'newCustomer' does not exist in the current context [D:\netcore\E-Invoice_system\E-Invoice_system.csproj]
D:\netcore\E-Invoice_system\Components\Sale\SaleEditor.razor(337,76): error CS0103: The name 'newCustomer' does not exist in the current context [D:\netcore\E-Invoice_system\E-Invoice_system.csproj]
D:\netcore\E-Invoice_system\obj\Debug\net10.0\Microsoft.CodeAnalysis.Razor.Compiler\Microsoft.NET.Sdk.Razor.SourceGenerators.RazorSourceGenerator\Components_Sale_SaleEditor_razor.g.cs(1813,176): error CS0103: The name 'newCustomer' does not exist in the current context [D:\netcore\E-Invoice_system\E-Invoice_system.csproj]
D:\netcore\E-Invoice_system\obj\Debug\net10.0\Microsoft.CodeAnalysis.Razor.Compiler\Microsoft.NET.Sdk.Razor.SourceGenerators.RazorSourceGenerator\Components_Sale_SaleEditor_razor.g.cs(1813,145): error CS0103: The name 'newCustomer' does not exist in the current context [D:\netcore\E-Invoice_system\E-Invoice_system.csproj]
D:\netcore\E-Invoice_system\Components\Sale\SaleEditor.razor(341,77): error CS0103: The name 'newCustomer' does not exist in the current context [D:\netcore\E-Invoice_system\E-Invoice_system.csproj]
D:\netcore\E-Invoice_system\obj\Debug\net10.0\Microsoft.CodeAnalysis.Razor.Compiler\Microsoft.NET.Sdk.Razor.SourceGenerators.RazorSourceGenerator\Components_Sale_SaleEditor_razor.g.cs(1834,174): error CS0103: The name 'newCustomer' does not exist in the current context [D:\netcore\E-Invoice_system\E-Invoice_system.csproj]
D:\netcore\E-Invoice_system\obj\Debug\net10.0\Microsoft.CodeAnalysis.Razor.Compiler\Microsoft.NET.Sdk.Razor.SourceGenerators.RazorSourceGenerator\Components_Sale_SaleEditor_razor.g.cs(1834,145): error CS0103: The name 'newCustomer' does not exist in the current context [D:\netcore\E-Invoice_system\E-Invoice_system.csproj]
D:\netcore\E-Invoice_system\Components\Sale\SaleEditor.razor(345,76): error CS0103: The name 'newCustomer' does not exist in the current context [D:\netcore\E-Invoice_system\E-Invoice_system.csproj]
D:\netcore\E-Invoice_system\obj\Debug\net10.0\Microsoft.CodeAnalysis.Razor.Compiler\Microsoft.NET.Sdk.Razor.SourceGenerators.RazorSourceGenerator\Components_Sale_SaleEditor_razor.g.cs(1855,176): error CS0103: The name 'newCustomer' does not exist in the current context [D:\netcore\E-Invoice_system\E-Invoice_system.csproj]
D:\netcore\E-Invoice_system\obj\Debug\net10.0\Microsoft.CodeAnalysis.Razor.Compiler\Microsoft.NET.Sdk.Razor.SourceGenerators.RazorSourceGenerator\Components_Sale_SaleEditor_razor.g.cs(1855,145): error CS0103: The name 'newCustomer' does not exist in the current context [D:\netcore\E-Invoice_system\E-Invoice_system.csproj]
D:\netcore\E-Invoice_system\Components\Sale\SaleEditor.razor(349,65): error CS0103: The name 'newCustomer' does not exist in the current context [D:\netcore\E-Invoice_system\E-Invoice_system.csproj]
D:\netcore\E-Invoice_system\obj\Debug\net10.0\Microsoft.CodeAnalysis.Razor.Compiler\Microsoft.NET.Sdk.Razor.SourceGenerators.RazorSourceGenerator\Components_Sale_SaleEditor_razor.g.cs(1874,175): error CS0103: The name 'newCustomer' does not exist in the current context [D:\netcore\E-Invoice_system\E-Invoice_system.csproj]
D:\netcore\E-Invoice_system\obj\Debug\net10.0\Microsoft.CodeAnalysis.Razor.Compiler\Microsoft.NET.Sdk.Razor.SourceGenerators.RazorSourceGenerator\Components_Sale_SaleEditor_razor.g.cs(1874,145): error CS0103: The name 'newCustomer' does not exist in the current context [D:\netcore\E-Invoice_system\E-Invoice_system.csproj]
D:\netcore\E-Invoice_system\Components\Sale\SaleEditor.razor(588,41): warning CS8601: Possible null reference assignment. [D:\netcore\E-Invoice_system\E-Invoice_system.csproj]
D:\netcore\E-Invoice_system\Components\Sale\SaleEditor.razor(647,66): warning CS8602: Dereference of a possibly null reference. [D:\netcore\E-Invoice_system\E-Invoice_system.csproj]
D:\netcore\E-Invoice_system\Components\Sale\SaleEditor.razor(681,34): error CS0103: The name 'newCustomer' does not exist in the current context [D:\netcore\E-Invoice_system\E-Invoice_system.csproj]
D:\netcore\E-Invoice_system\Components\Sale\SaleEditor.razor(683,31): error CS0103: The name 'newCustomer' does not exist in the current context [D:\netcore\E-Invoice_system\E-Invoice_system.csproj]
D:\netcore\E-Invoice_system\Components\Sale\SaleEditor.razor(685,30): error CS0103: The name 'newCustomer' does not exist in the current context [D:\netcore\E-Invoice_system\E-Invoice_system.csproj]
D:\netcore\E-Invoice_system\Components\Sale\SaleEditor.razor(686,24): error CS0103: The name 'newCustomer' does not exist in the current context [D:\netcore\E-Invoice_system\E-Invoice_system.csproj]
D:\netcore\E-Invoice_system\Components\Sale\SaleEditor.razor(687,9): error CS0103: The name 'newCustomer' does not exist in the current context [D:\netcore\E-Invoice_system\E-Invoice_system.csproj]
D:\netcore\E-Invoice_system\Components\Sale\SaleEditor.razor(731,51): warning CS8604: Possible null reference argument for parameter 'item' in 'bool List<string>.Contains(string item)'. [D:\netcore\E-Invoice_system\E-Invoice_system.csproj]
D:\netcore\E-Invoice_system\Components\Sale\SaleEditor.razor(845,23): warning CS8618: Non-nullable property 'Name' must contain a non-null value when exiting constructor. Consider adding the 'required' modifier or declaring the property as nullable. [D:\netcore\E-Invoice_system\E-Invoice_system.csproj]
D:\netcore\E-Invoice_system\Components\Sale\SaleEditor.razor(852,23): warning CS8618: Non-nullable property 'Category' must contain a non-null value when exiting constructor. Consider adding the 'required' modifier or declaring the property as nullable. [D:\netcore\E-Invoice_system\E-Invoice_system.csproj]
D:\netcore\E-Invoice_system\Components\Sale\SaleEditor.razor(857,23): warning CS8618: Non-nullable property 'prod_name_service' must contain a non-null value when exiting constructor. Consider adding the 'required' modifier or declaring the property as nullable. [D:\netcore\E-Invoice_system\E-Invoice_system.csproj]

Build FAILED.

D:\netcore\E-Invoice_system\Models\customers.cs(7,18): warning CS8981: The type name 'customers' only contains lower-cased ascii characters. Such names may become reserved for the language. [D:\netcore\E-Invoice_system\E-Invoice_system.csproj]
D:\netcore\E-Invoice_system\Models\invoices.cs(7,18): warning CS8981: The type name 'invoices' only contains lower-cased ascii characters. Such names may become reserved for the language. [D:\netcore\E-Invoice_system\E-Invoice_system.csproj]
D:\netcore\E-Invoice_system\Models\users.cs(7,18): warning CS8981: The type name 'users' only contains lower-cased ascii characters. Such names may become reserved for the language. [D:\netcore\E-Invoice_system\E-Invoice_system.csproj]
D:\netcore\E-Invoice_system\tmp\Pages\Account\Login.cshtml.cs(51,64): warning CS8604: Possible null reference argument for parameter 'value' in 'void SessionExtensions.SetString(ISession session, string key, string value)'. [D:\netcore\E-Invoice_system\E-Invoice_system.csproj]
D:\netcore\E-Invoice_system\tmp\Pages\Invoice\Index.cshtml.cs(111,30): warning CS0168: The variable 'ex' is declared but never used [D:\netcore\E-Invoice_system\E-Invoice_system.csproj]
D:\netcore\E-Invoice_system\tmp\Pages\Sale\Index.cshtml.cs(117,30): warning CS0168: The variable 'ex' is declared but never used [D:\netcore\E-Invoice_system\E-Invoice_system.csproj]
D:\netcore\E-Invoice_system\Components\Sale\SaleEditor.razor(588,41): warning CS8601: Possible null reference assignment. [D:\netcore\E-Invoice_system\E-Invoice_system.csproj]
D:\netcore\E-Invoice_system\Components\Sale\SaleEditor.razor(647,66): warning CS8602: Dereference of a possibly null reference. [D:\netcore\E-Invoice_system\E-Invoice_system.csproj]
D:\netcore\E-Invoice_system\Components\Sale\SaleEditor.razor(731,51): warning CS8604: Possible null reference argument for parameter 'item' in 'bool List<string>.Contains(string item)'. [D:\netcore\E-Invoice_system\E-Invoice_system.csproj]
D:\netcore\E-Invoice_system\Components\Sale\SaleEditor.razor(845,23): warning CS8618: Non-nullable property 'Name' must contain a non-null value when exiting constructor. Consider adding the 'required' modifier or declaring the property as nullable. [D:\netcore\E-Invoice_system\E-Invoice_system.csproj]
D:\netcore\E-Invoice_system\Components\Sale\SaleEditor.razor(852,23): warning CS8618: Non-nullable property 'Category' must contain a non-null value when exiting constructor. Consider adding the 'required' modifier or declaring the property as nullable. [D:\netcore\E-Invoice_system\E-Invoice_system.csproj]
D:\netcore\E-Invoice_system\Components\Sale\SaleEditor.razor(857,23): warning CS8618: Non-nullable property 'prod_name_service' must contain a non-null value when exiting constructor. Consider adding the 'required' modifier or declaring the property as nullable. [D:\netcore\E-Invoice_system\E-Invoice_system.csproj]
D:\netcore\E-Invoice_system\tmp\Pages\Index.cshtml.cs(116,33): error CS0029: Cannot implicitly convert type 'int[]' to 'string[]' [D:\netcore\E-Invoice_system\E-Invoice_system.csproj]
D:\netcore\E-Invoice_system\Components\Sale\SaleEditor.razor(333,76): error CS0103: The name 'newCustomer' does not exist in the current context [D:\netcore\E-Invoice_system\E-Invoice_system.csproj]
D:\netcore\E-Invoice_system\obj\Debug\net10.0\Microsoft.CodeAnalysis.Razor.Compiler\Microsoft.NET.Sdk.Razor.SourceGenerators.RazorSourceGenerator\Components_Sale_SaleEditor_razor.g.cs(1792,173): error CS0103: The name 'newCustomer' does not exist in the current context [D:\netcore\E-Invoice_system\E-Invoice_system.csproj]
D:\netcore\E-Invoice_system\obj\Debug\net10.0\Microsoft.CodeAnalysis.Razor.Compiler\Microsoft.NET.Sdk.Razor.SourceGenerators.RazorSourceGenerator\Components_Sale_SaleEditor_razor.g.cs(1792,145): error CS0103: The name 'newCustomer' does not exist in the current context [D:\netcore\E-Invoice_system\E-Invoice_system.csproj]
D:\netcore\E-Invoice_system\Components\Sale\SaleEditor.razor(337,76): error CS0103: The name 'newCustomer' does not exist in the current context [D:\netcore\E-Invoice_system\E-Invoice_system.csproj]
D:\netcore\E-Invoice_system\obj\Debug\net10.0\Microsoft.CodeAnalysis.Razor.Compiler\Microsoft.NET.Sdk.Razor.SourceGenerators.RazorSourceGenerator\Components_Sale_SaleEditor_razor.g.cs(1813,176): error CS0103: The name 'newCustomer' does not exist in the current context [D:\netcore\E-Invoice_system\E-Invoice_system.csproj]
D:\netcore\E-Invoice_system\obj\Debug\net10.0\Microsoft.CodeAnalysis.Razor.Compiler\Microsoft.NET.Sdk.Razor.SourceGenerators.RazorSourceGenerator\Components_Sale_SaleEditor_razor.g.cs(1813,145): error CS0103: The name 'newCustomer' does not exist in the current context [D:\netcore\E-Invoice_system\E-Invoice_system.csproj]
D:\netcore\E-Invoice_system\Components\Sale\SaleEditor.razor(341,77): error CS0103: The name 'newCustomer' does not exist in the current context [D:\netcore\E-Invoice_system\E-Invoice_system.csproj]
D:\netcore\E-Invoice_system\obj\Debug\net10.0\Microsoft.CodeAnalysis.Razor.Compiler\Microsoft.NET.Sdk.Razor.SourceGenerators.RazorSourceGenerator\Components_Sale_SaleEditor_razor.g.cs(1834,174): error CS0103: The name 'newCustomer' does not exist in the current context [D:\netcore\E-Invoice_system\E-Invoice_system.csproj]
D:\netcore\E-Invoice_system\obj\Debug\net10.0\Microsoft.CodeAnalysis.Razor.Compiler\Microsoft.NET.Sdk.Razor.SourceGenerators.RazorSourceGenerator\Components_Sale_SaleEditor_razor.g.cs(1834,145): error CS0103: The name 'newCustomer' does not exist in the current context [D:\netcore\E-Invoice_system\E-Invoice_system.csproj]
D:\netcore\E-Invoice_system\Components\Sale\SaleEditor.razor(345,76): error CS0103: The name 'newCustomer' does not exist in the current context [D:\netcore\E-Invoice_system\E-Invoice_system.csproj]
D:\netcore\E-Invoice_system\obj\Debug\net10.0\Microsoft.CodeAnalysis.Razor.Compiler\Microsoft.NET.Sdk.Razor.SourceGenerators.RazorSourceGenerator\Components_Sale_SaleEditor_razor.g.cs(1855,176): error CS0103: The name 'newCustomer' does not exist in the current context [D:\netcore\E-Invoice_system\E-Invoice_system.csproj]
D:\netcore\E-Invoice_system\obj\Debug\net10.0\Microsoft.CodeAnalysis.Razor.Compiler\Microsoft.NET.Sdk.Razor.SourceGenerators.RazorSourceGenerator\Components_Sale_SaleEditor_razor.g.cs(1855,145): error CS0103: The name 'newCustomer' does not exist in the current context [D:\netcore\E-Invoice_system\E-Invoice_system.csproj]
D:\netcore\E-Invoice_system\Components\Sale\SaleEditor.razor(349,65): error CS0103: The name 'newCustomer' does not exist in the current context [D:\netcore\E-Invoice_system\E-Invoice_system.csproj]
D:\netcore\E-Invoice_system\obj\Debug\net10.0\Microsoft.CodeAnalysis.Razor.Compiler\Microsoft.NET.Sdk.Razor.SourceGenerators.RazorSourceGenerator\Components_Sale_SaleEditor_razor.g.cs(1874,175): error CS0103: The name 'newCustomer' does not exist in the current context [D:\netcore\E-Invoice_system\E-Invoice_system.csproj]
D:\netcore\E-Invoice_system\obj\Debug\net10.0\Microsoft.CodeAnalysis.Razor.Compiler\Microsoft.NET.Sdk.Razor.SourceGenerators.RazorSourceGenerator\Components_Sale_SaleEditor_razor.g.cs(1874,145): error CS0103: The name 'newCustomer' does not exist in the current context [D:\netcore\E-Invoice_system\E-Invoice_system.csproj]
D:\netcore\E-Invoice_system\Components\Sale\SaleEditor.razor(681,34): error CS0103: The name 'newCustomer' does not exist in the current context [D:\netcore\E-Invoice_system\E-Invoice_system.csproj]
D:\netcore\E-Invoice_system\Components\Sale\SaleEditor.razor(683,31): error CS0103: The name 'newCustomer' does not exist in the current context [D:\netcore\E-Invoice_system\E-Invoice_system.csproj]
D:\netcore\E-Invoice_system\Components\Sale\SaleEditor.razor(685,30): error CS0103: The name 'newCustomer' does not exist in the current context [D:\netcore\E-Invoice_system\E-Invoice_system.csproj]
D:\netcore\E-Invoice_system\Components\Sale\SaleEditor.razor(686,24): error CS0103: The name 'newCustomer' does not exist in the current context [D:\netcore\E-Invoice_system\E-Invoice_system.csproj]
D:\netcore\E-Invoice_system\Components\Sale\SaleEditor.razor(687,9): error CS0103: The name 'newCustomer' does not exist in the current context [D:\netcore\E-Invoice_system\E-Invoice_system.csproj]
    12 Warning(s)
    21 Error(s)

Time Elapsed 00:00:05.50
